2017/07/05 09:15:04 [I] [asm_amd64.s:2197] http server Running on http://:9999
2017/07/05 09:15:14 [D] [server.go:2568] |      127.0.0.1|[42m 200 [0m| 3.181732434s|   match|[44m GET     [0m /     r:/
2017/07/05 09:15:14 [D] [server.go:2568] |      127.0.0.1|[47m 304 [0m|   3.394953ms|   match|[44m GET     [0m /static/css/my.css
2017/07/05 09:15:42 [D] [server.go:2568] |      127.0.0.1|[42m 200 [0m| 1.356827862s|   match|[46m POST    [0m /article/load-more   r:/article/load-more
2017/07/05 09:15:45 [D] [server.go:2568] |      127.0.0.1|[42m 200 [0m| 1.276334845s|   match|[46m POST    [0m /article/load-more   r:/article/load-more
2017/07/05 09:15:48 [D] [server.go:2568] |      127.0.0.1|[42m 200 [0m| 1.197073829s|   match|[46m POST    [0m /article/load-more   r:/article/load-more
2017/07/05 09:15:51 [D] [server.go:2568] |      127.0.0.1|[42m 200 [0m| 1.137000481s|   match|[46m POST    [0m /article/load-more   r:/article/load-more
2017/07/05 09:15:53 [D] [server.go:2568] |      127.0.0.1|[42m 200 [0m| 1.112324341s|   match|[46m POST    [0m /article/load-more   r:/article/load-more
2017/07/05 09:16:35 [D] [server.go:2568] |      127.0.0.1|[42m 200 [0m| 2.810705895s|   match|[44m GET     [0m /     r:/
2017/07/05 09:18:48 [D] [server.go:2568] |      127.0.0.1|[42m 200 [0m| 2.792720766s|   match|[44m GET     [0m /     r:/
2017/07/05 09:25:44 [D] [server.go:2568] |      127.0.0.1|[42m 200 [0m| 3.555827346s|   match|[44m GET     [0m /     r:/
2017/07/05 09:47:36 [D] [server.go:2568] |      127.0.0.1|[42m 200 [0m| 3.023786766s|   match|[44m GET     [0m /     r:/
2017/07/05 09:47:57 [D] [server.go:2568] |      127.0.0.1|[42m 200 [0m| 2.814067444s|   match|[44m GET     [0m /     r:/
2017/07/05 09:53:44 [D] [server.go:2568] |      127.0.0.1|[42m 200 [0m| 3.060393991s|   match|[44m GET     [0m /     r:/
2017/07/05 09:54:52 [D] [server.go:2568] |      127.0.0.1|[42m 200 [0m| 2.741083768s|   match|[44m GET     [0m /     r:/
2017/07/05 09:54:52 [D] [server.go:2568] |      127.0.0.1|[42m 200 [0m|   5.495154ms|   match|[44m GET     [0m /static/css/my.css
2017/07/05 09:54:52 [D] [server.go:2568] |      127.0.0.1|[42m 200 [0m|    1.31895ms|   match|[44m GET     [0m /static/img/logo56x56.png
2017/07/05 10:01:41 [I] [asm_amd64.s:2197] http server Running on http://:9999
2017/07/05 10:38:26 [I] [asm_amd64.s:2197] http server Running on http://:9999
2017/07/05 10:38:43 [D] [server.go:2568] |      127.0.0.1|[42m 200 [0m| 3.399383855s|   match|[44m GET     [0m /     r:/
2017/07/05 10:38:55 [I] [asm_amd64.s:2197] http server Running on http://:9999
2017/07/05 10:39:02 [D] [server.go:2568] |      127.0.0.1|[42m 200 [0m| 3.285632926s|   match|[44m GET     [0m /     r:/
2017/07/05 10:39:17 [I] [asm_amd64.s:2197] http server Running on http://:9999
2017/07/05 10:40:06 [D] [server.go:2568] |      127.0.0.1|[42m 200 [0m|41.505421263s|   match|[44m GET     [0m /     r:/
2017/07/05 10:45:27 [D] [server.go:2568] |      127.0.0.1|[42m 200 [0m|5m20.554336815s|   match|[44m GET     [0m /     r:/
2017/07/05 10:54:52 [D] [server.go:2568] |      127.0.0.1|[42m 200 [0m| 4.159885486s|   match|[44m GET     [0m /     r:/
2017/07/05 10:55:38 [I] [asm_amd64.s:2197] http server Running on http://:9999
2017/07/05 10:57:30 [I] [asm_amd64.s:2197] http server Running on http://:9999
2017/07/05 10:58:00 [D] [server.go:2568] |      127.0.0.1|[42m 200 [0m|18.344429383s|   match|[44m GET     [0m /     r:/
2017/07/05 10:58:40 [D] [server.go:2568] |      127.0.0.1|[42m 200 [0m|   5.2753592s|   match|[44m GET     [0m /     r:/
2017/07/05 10:59:13 [D] [server.go:2568] |      127.0.0.1|[42m 200 [0m|   2.7674639s|   match|[44m GET     [0m /     r:/
2017/07/05 10:59:53 [D] [server.go:2568] |      127.0.0.1|[42m 200 [0m| 2.730879859s|   match|[44m GET     [0m /     r:/
2017/07/05 11:00:21 [D] [server.go:2568] |      127.0.0.1|[42m 200 [0m| 1.334851586s|   match|[44m GET     [0m /tag/16   r:/tag/:id([0-9]+)
2017/07/05 11:00:21 [D] [server.go:2568] |      127.0.0.1|[42m 200 [0m|   2.316073ms|   match|[44m GET     [0m /static/css/my.css
2017/07/05 11:00:21 [D] [server.go:2568] |      127.0.0.1|[42m 200 [0m|    439.213µs|   match|[44m GET     [0m /static/img/logo56x56.png
2017/07/05 11:01:06 [D] [server.go:2568] |      127.0.0.1|[42m 200 [0m| 1.345894712s|   match|[44m GET     [0m /tag/16   r:/tag/:id([0-9]+)
2017/07/05 11:01:06 [D] [server.go:2568] |      127.0.0.1|[42m 200 [0m|   1.008297ms|   match|[44m GET     [0m /static/css/my.css
2017/07/05 11:01:06 [D] [server.go:2568] |      127.0.0.1|[42m 200 [0m|    115.166µs|   match|[44m GET     [0m /static/img/logo56x56.png
2017/07/05 11:01:24 [D] [server.go:2568] |      127.0.0.1|[42m 200 [0m| 1.259782513s|   match|[44m GET     [0m /tag/16   r:/tag/:id([0-9]+)
2017/07/05 11:01:24 [D] [server.go:2568] |      127.0.0.1|[42m 200 [0m|   2.925941ms|   match|[44m GET     [0m /static/css/my.css
2017/07/05 11:01:24 [D] [server.go:2568] |      127.0.0.1|[42m 200 [0m|    118.294µs|   match|[44m GET     [0m /static/img/logo56x56.png
2017/07/05 11:02:03 [D] [server.go:2568] |      127.0.0.1|[42m 200 [0m| 1.337153775s|   match|[44m GET     [0m /tag/16   r:/tag/:id([0-9]+)
2017/07/05 11:02:03 [D] [server.go:2568] |      127.0.0.1|[42m 200 [0m|    837.777µs|   match|[44m GET     [0m /static/css/my.css
2017/07/05 11:02:03 [D] [server.go:2568] |      127.0.0.1|[42m 200 [0m|    112.506µs|   match|[44m GET     [0m /static/img/logo56x56.png
2017/07/05 11:03:29 [D] [server.go:2568] |      127.0.0.1|[42m 200 [0m|  1.34319845s|   match|[44m GET     [0m /tag/16   r:/tag/:id([0-9]+)
2017/07/05 11:04:22 [D] [server.go:2568] |      127.0.0.1|[42m 200 [0m| 1.450672808s|   match|[44m GET     [0m /tag/16   r:/tag/:id([0-9]+)
2017/07/05 11:04:22 [D] [server.go:2568] |      127.0.0.1|[42m 200 [0m|    933.633µs|   match|[44m GET     [0m /static/css/my.css
2017/07/05 11:04:22 [D] [server.go:2568] |      127.0.0.1|[42m 200 [0m|    124.587µs|   match|[44m GET     [0m /static/img/logo56x56.png
2017/07/05 11:05:04 [D] [server.go:2568] |      127.0.0.1|[42m 200 [0m| 853.216444ms|   match|[44m GET     [0m /article/96   r:/article/:id([0-9]+)
2017/07/05 11:07:13 [D] [server.go:2568] |      127.0.0.1|[42m 200 [0m| 2.821378292s|   match|[44m GET     [0m /     r:/
2017/07/05 11:07:13 [D] [server.go:2568] |      127.0.0.1|[42m 200 [0m|   1.832039ms|   match|[44m GET     [0m /static/css/my.css
2017/07/05 11:07:13 [D] [server.go:2568] |      127.0.0.1|[42m 200 [0m|    365.103µs|   match|[44m GET     [0m /static/img/logo56x56.png
2017/07/05 11:10:43 [D] [server.go:2568] |      127.0.0.1|[42m 200 [0m| 849.415132ms|   match|[44m GET     [0m /article/2328   r:/article/:id([0-9]+)
2017/07/05 11:10:43 [D] [server.go:2568] |      127.0.0.1|[42m 200 [0m|    878.354µs|   match|[44m GET     [0m /static/css/my.css
2017/07/05 11:10:44 [D] [server.go:2568] |      127.0.0.1|[42m 200 [0m|    184.193µs|   match|[44m GET     [0m /static/img/logo56x56.png
2017/07/05 11:11:04 [D] [server.go:2568] |      127.0.0.1|[42m 200 [0m| 659.823827ms|   match|[46m POST    [0m /article/vote   r:/article/vote
2017/07/05 11:11:06 [D] [server.go:2568] |      127.0.0.1|[42m 200 [0m| 626.251151ms|   match|[46m POST    [0m /article/vote   r:/article/vote
2017/07/05 11:14:17 [D] [server.go:2568] |      127.0.0.1|[42m 200 [0m| 886.988782ms|   match|[44m GET     [0m /article/96   r:/article/:id([0-9]+)
2017/07/05 11:14:17 [D] [server.go:2568] |      127.0.0.1|[42m 200 [0m|   1.117539ms|   match|[44m GET     [0m /static/css/my.css
2017/07/05 11:14:18 [D] [server.go:2568] |      127.0.0.1|[42m 200 [0m|    166.764µs|   match|[44m GET     [0m /static/img/logo56x56.png
2017/07/05 11:20:13 [D] [server.go:2568] |      127.0.0.1|[42m 200 [0m| 906.859412ms|   match|[44m GET     [0m /article/96   r:/article/:id([0-9]+)
2017/07/05 11:20:14 [D] [server.go:2568] |      127.0.0.1|[42m 200 [0m|   1.644282ms|   match|[44m GET     [0m /static/css/my.css
2017/07/05 11:20:14 [D] [server.go:2568] |      127.0.0.1|[42m 200 [0m|    180.089µs|   match|[44m GET     [0m /static/img/logo56x56.png
2017/07/05 11:21:19 [D] [server.go:2568] |      127.0.0.1|[42m 200 [0m| 855.019471ms|   match|[44m GET     [0m /article/96   r:/article/:id([0-9]+)
2017/07/05 11:21:19 [D] [server.go:2568] |      127.0.0.1|[42m 200 [0m|   2.804571ms|   match|[44m GET     [0m /static/css/my.css
2017/07/05 11:21:19 [D] [server.go:2568] |      127.0.0.1|[42m 200 [0m|    301.554µs|   match|[44m GET     [0m /static/img/logo56x56.png
2017/07/05 11:25:11 [I] [asm_amd64.s:2197] http server Running on http://:9999
2017/07/05 11:25:45 [D] [server.go:2568] |      127.0.0.1|[42m 200 [0m| 3.326700572s|   match|[44m GET     [0m /     r:/
2017/07/05 11:25:49 [D] [server.go:2568] |      127.0.0.1|[42m 200 [0m| 2.735179603s|   match|[44m GET     [0m /     r:/
2017/07/05 11:25:50 [D] [server.go:2568] |      127.0.0.1|[42m 200 [0m| 1.222678231s|   match|[44m GET     [0m /tag/23   r:/tag/:id([0-9]+)
2017/07/05 11:25:57 [D] [server.go:2568] |      127.0.0.1|[42m 200 [0m| 1.446606757s|   match|[44m GET     [0m /tag/20   r:/tag/:id([0-9]+)
2017/07/05 11:26:00 [D] [server.go:2568] |      127.0.0.1|[42m 200 [0m| 1.702849879s|   match|[44m GET     [0m /tag/22   r:/tag/:id([0-9]+)
2017/07/05 11:26:15 [D] [server.go:2568] |      127.0.0.1|[42m 200 [0m| 915.892383ms|   match|[44m GET     [0m /article/190   r:/article/:id([0-9]+)
2017/07/05 11:30:31 [D] [server.go:2568] |      127.0.0.1|[42m 200 [0m| 825.171053ms|   match|[44m GET     [0m /article/190   r:/article/:id([0-9]+)
2017/07/05 11:30:31 [D] [server.go:2568] |      127.0.0.1|[42m 200 [0m|   3.188355ms|   match|[44m GET     [0m /static/css/my.css
2017/07/05 11:30:31 [D] [server.go:2568] |      127.0.0.1|[42m 200 [0m|    674.083µs|   match|[44m GET     [0m /static/img/logo56x56.png
2017/07/05 11:32:11 [D] [server.go:2568] |      127.0.0.1|[42m 200 [0m| 870.245614ms|   match|[44m GET     [0m /article/190   r:/article/:id([0-9]+)
2017/07/05 11:32:11 [D] [server.go:2568] |      127.0.0.1|[42m 200 [0m|    1.09253ms|   match|[44m GET     [0m /static/css/my.css
2017/07/05 11:32:11 [D] [server.go:2568] |      127.0.0.1|[42m 200 [0m|    111.969µs|   match|[44m GET     [0m /static/img/logo56x56.png
2017/07/05 11:32:29 [D] [server.go:2568] |      127.0.0.1|[42m 200 [0m| 869.137629ms|   match|[44m GET     [0m /article/190   r:/article/:id([0-9]+)
2017/07/05 11:32:30 [D] [server.go:2568] |      127.0.0.1|[42m 200 [0m|   9.119893ms|   match|[44m GET     [0m /static/css/my.css
2017/07/05 11:32:30 [D] [server.go:2568] |      127.0.0.1|[42m 200 [0m|    115.076µs|   match|[44m GET     [0m /static/img/logo56x56.png
2017/07/05 11:32:44 [D] [server.go:2568] |      127.0.0.1|[42m 200 [0m| 675.779398ms|   match|[46m POST    [0m /article/vote   r:/article/vote
2017/07/05 11:33:14 [D] [server.go:2568] |      127.0.0.1|[42m 200 [0m|  643.26168ms|   match|[46m POST    [0m /article/vote   r:/article/vote
2017/07/05 15:30:36 [I] [asm_amd64.s:2197] http server Running on http://:9999
2017/07/05 15:31:22 [D] [server.go:2568] |      127.0.0.1|[42m 200 [0m| 3.910817827s|   match|[44m GET     [0m /     r:/
2017/07/05 15:31:22 [D] [server.go:2568] |      127.0.0.1|[47m 304 [0m|   3.471716ms|   match|[44m GET     [0m /static/css/my.css
2017/07/05 15:32:49 [D] [server.go:2568] |      127.0.0.1|[42m 200 [0m| 911.796062ms|   match|[44m GET     [0m /article/2317   r:/article/:id([0-9]+)
2017/07/05 15:33:16 [D] [server.go:2568] |      127.0.0.1|[42m 200 [0m| 2.788159234s|   match|[44m GET     [0m /     r:/
2017/07/05 15:33:16 [D] [server.go:2568] |      127.0.0.1|[42m 200 [0m|  1.93505388s|   match|[44m GET     [0m /tag/2   r:/tag/:id([0-9]+)
2017/07/05 15:33:17 [D] [server.go:2568] |      127.0.0.1|[42m 200 [0m| 834.019675ms|   match|[44m GET     [0m /tag/9   r:/tag/:id([0-9]+)
2017/07/05 15:33:21 [D] [server.go:2568] |      127.0.0.1|[42m 200 [0m| 5.115765914s|   match|[44m GET     [0m /tag/8   r:/tag/:id([0-9]+)
2017/07/05 15:33:22 [D] [server.go:2568] |      127.0.0.1|[42m 200 [0m|  6.33806734s|   match|[44m GET     [0m /tag/6   r:/tag/:id([0-9]+)
2017/07/05 15:33:25 [D] [server.go:2568] |      127.0.0.1|[42m 200 [0m| 499.060486ms|   match|[44m GET     [0m /tag/9   r:/tag/:id([0-9]+)
2017/07/05 15:33:29 [D] [server.go:2568] |      127.0.0.1|[42m 200 [0m| 3.812053893s|   match|[44m GET     [0m /tag/8   r:/tag/:id([0-9]+)
2017/07/05 15:33:31 [D] [server.go:2568] |      127.0.0.1|[42m 200 [0m| 3.789669027s|   match|[44m GET     [0m /tag/6   r:/tag/:id([0-9]+)
2017/07/05 15:33:33 [D] [server.go:2568] |      127.0.0.1|[42m 200 [0m| 1.448161576s|   match|[44m GET     [0m /tag/10   r:/tag/:id([0-9]+)
2017/07/05 15:33:33 [D] [server.go:2568] |      127.0.0.1|[42m 200 [0m|18.524474796s|   match|[44m GET     [0m /tag/3   r:/tag/:id([0-9]+)
2017/07/05 15:33:50 [D] [server.go:2568] |      127.0.0.1|[42m 200 [0m| 874.284136ms|   match|[44m GET     [0m /article/466   r:/article/:id([0-9]+)
2017/07/05 15:34:08 [D] [server.go:2568] |      127.0.0.1|[42m 200 [0m| 850.549415ms|   match|[44m GET     [0m /article/302   r:/article/:id([0-9]+)
2017/07/05 15:35:21 [D] [server.go:2568] |      127.0.0.1|[42m 200 [0m|  2.69251841s|   match|[44m GET     [0m /     r:/
2017/07/05 15:36:12 [I] [asm_amd64.s:2197] http server Running on http://:9999
2017/07/05 15:43:09 [D] [server.go:2568] |      127.0.0.1|[42m 200 [0m|  3.32999168s|   match|[44m GET     [0m /     r:/
2017/07/05 15:43:09 [D] [server.go:2568] |      127.0.0.1|[42m 200 [0m|   5.783902ms|   match|[44m GET     [0m /static/css/my.css
2017/07/05 15:43:09 [D] [server.go:2568] |      127.0.0.1|[42m 200 [0m|    467.518µs|   match|[44m GET     [0m /static/img/logo56x56.png
2017/07/05 15:44:09 [D] [server.go:2568] |      127.0.0.1|[42m 200 [0m| 3.117633834s|   match|[44m GET     [0m /     r:/
2017/07/05 15:44:09 [D] [server.go:2568] |      127.0.0.1|[42m 200 [0m|   1.123464ms|   match|[44m GET     [0m /static/css/my.css
2017/07/05 15:44:09 [D] [server.go:2568] |      127.0.0.1|[42m 200 [0m|    126.086µs|   match|[44m GET     [0m /static/img/logo56x56.png
2017/07/05 15:44:41 [D] [server.go:2568] |      127.0.0.1|[42m 200 [0m| 2.688325255s|   match|[44m GET     [0m /     r:/
2017/07/05 15:44:41 [D] [server.go:2568] |      127.0.0.1|[42m 200 [0m|   1.407796ms|   match|[44m GET     [0m /static/css/my.css
2017/07/05 15:44:41 [D] [server.go:2568] |      127.0.0.1|[42m 200 [0m|    112.057µs|   match|[44m GET     [0m /static/img/logo56x56.png
2017/07/05 15:46:22 [D] [server.go:2568] |      127.0.0.1|[42m 200 [0m| 2.751880724s|   match|[44m GET     [0m /     r:/
2017/07/05 15:46:22 [D] [server.go:2568] |      127.0.0.1|[42m 200 [0m|    932.087µs|   match|[44m GET     [0m /static/css/my.css
2017/07/05 15:46:22 [D] [server.go:2568] |      127.0.0.1|[42m 200 [0m|    130.102µs|   match|[44m GET     [0m /static/img/logo56x56.png
2017/07/05 15:47:40 [D] [server.go:2568] |      127.0.0.1|[42m 200 [0m| 2.832419935s|   match|[44m GET     [0m /     r:/
2017/07/05 15:47:41 [D] [server.go:2568] |      127.0.0.1|[42m 200 [0m|   4.709703ms|   match|[44m GET     [0m /static/css/my.css
2017/07/05 15:47:41 [D] [server.go:2568] |      127.0.0.1|[42m 200 [0m|    121.461µs|   match|[44m GET     [0m /static/img/logo56x56.png
2017/07/05 15:47:57 [D] [server.go:2568] |      127.0.0.1|[42m 200 [0m| 2.692918109s|   match|[44m GET     [0m /     r:/
2017/07/05 15:47:57 [D] [server.go:2568] |      127.0.0.1|[42m 200 [0m|    960.594µs|   match|[44m GET     [0m /static/css/my.css
2017/07/05 15:47:57 [D] [server.go:2568] |      127.0.0.1|[42m 200 [0m|    153.987µs|   match|[44m GET     [0m /static/img/logo56x56.png
2017/07/05 15:50:00 [D] [server.go:2568] |      127.0.0.1|[42m 200 [0m|  7.84042802s|   match|[44m GET     [0m /     r:/
2017/07/05 15:50:12 [D] [server.go:2568] |      127.0.0.1|[42m 200 [0m|19.176713525s|   match|[44m GET     [0m /     r:/
2017/07/05 15:50:14 [D] [server.go:2568] |      127.0.0.1|[42m 200 [0m|19.907282743s|   match|[44m GET     [0m /     r:/
2017/07/05 15:50:14 [D] [server.go:2568] |      127.0.0.1|[42m 200 [0m|21.360432527s|   match|[44m GET     [0m /     r:/
2017/07/05 15:50:16 [D] [server.go:2568] |      127.0.0.1|[42m 200 [0m|22.264017187s|   match|[44m GET     [0m /     r:/
2017/07/05 15:50:17 [D] [server.go:2568] |      127.0.0.1|[42m 200 [0m|21.735681863s|   match|[44m GET     [0m /     r:/
2017/07/05 15:50:19 [D] [server.go:2568] |      127.0.0.1|[42m 200 [0m|16.633822856s|   match|[44m GET     [0m /     r:/
2017/07/05 15:50:20 [D] [server.go:2568] |      127.0.0.1|[42m 200 [0m|18.645158375s|   match|[44m GET     [0m /     r:/
2017/07/05 15:50:20 [D] [server.go:2568] |      127.0.0.1|[42m 200 [0m|20.623270549s|   match|[44m GET     [0m /     r:/
2017/07/05 15:50:22 [D] [server.go:2568] |      127.0.0.1|[42m 200 [0m| 23.92161346s|   match|[44m GET     [0m /     r:/
2017/07/05 15:50:22 [D] [server.go:2568] |      127.0.0.1|[42m 200 [0m| 19.70285964s|   match|[44m GET     [0m /     r:/
2017/07/05 15:50:29 [D] [server.go:2568] |      127.0.0.1|[42m 200 [0m| 6.548032849s|   match|[44m GET     [0m /     r:/
2017/07/05 15:50:32 [D] [server.go:2568] |      127.0.0.1|[42m 200 [0m| 9.476033823s|   match|[44m GET     [0m /     r:/
2017/07/05 15:50:33 [D] [server.go:2568] |      127.0.0.1|[42m 200 [0m|10.128807022s|   match|[44m GET     [0m /     r:/
2017/07/05 15:50:33 [D] [server.go:2568] |      127.0.0.1|[42m 200 [0m|10.652639005s|   match|[44m GET     [0m /     r:/
2017/07/05 15:50:33 [D] [server.go:2568] |      127.0.0.1|[42m 200 [0m|   1.173368ms|   match|[44m GET     [0m /static/css/my.css
2017/07/05 15:50:34 [D] [server.go:2568] |      127.0.0.1|[42m 200 [0m|    108.064µs|   match|[44m GET     [0m /static/img/logo56x56.png
2017/07/05 15:52:12 [D] [server.go:2568] |      127.0.0.1|[42m 200 [0m| 3.031773906s|   match|[44m GET     [0m /     r:/
2017/07/05 15:52:12 [D] [server.go:2568] |      127.0.0.1|[42m 200 [0m|   1.897234ms|   match|[44m GET     [0m /static/css/my.css
2017/07/05 15:52:12 [D] [server.go:2568] |      127.0.0.1|[42m 200 [0m|    110.324µs|   match|[44m GET     [0m /static/img/logo56x56.png
2017/07/05 15:52:20 [D] [server.go:2568] |      127.0.0.1|[42m 200 [0m| 4.521246444s|   match|[44m GET     [0m /     r:/
2017/07/05 15:52:21 [D] [server.go:2568] |      127.0.0.1|[42m 200 [0m| 4.336710022s|   match|[44m GET     [0m /     r:/
2017/07/05 15:52:21 [D] [server.go:2568] |      127.0.0.1|[42m 200 [0m|   1.060895ms|   match|[44m GET     [0m /static/css/my.css
2017/07/05 15:52:21 [D] [server.go:2568] |      127.0.0.1|[42m 200 [0m|    168.048µs|   match|[44m GET     [0m /static/img/logo56x56.png
2017/07/05 15:58:18 [I] [asm_amd64.s:2197] http server Running on http://:9999
2017/07/05 15:58:51 [D] [server.go:2568] |      127.0.0.1|[42m 200 [0m| 3.398267154s|   match|[44m GET     [0m /     r:/
2017/07/05 15:58:52 [D] [server.go:2568] |      127.0.0.1|[47m 304 [0m|   8.492346ms|   match|[44m GET     [0m /static/css/my.css
2017/07/05 16:03:00 [I] [asm_amd64.s:2197] http server Running on http://:9999
2017/07/05 16:03:20 [D] [server.go:2568] |      127.0.0.1|[42m 200 [0m|    3.574961s|   match|[44m GET     [0m /     r:/
2017/07/05 16:03:20 [D] [server.go:2568] |      127.0.0.1|[47m 304 [0m|   3.346895ms|   match|[44m GET     [0m /static/css/my.css
2017/07/05 16:03:40 [D] [server.go:2568] |      127.0.0.1|[42m 200 [0m| 3.334494773s|   match|[44m GET     [0m /     r:/
2017/07/05 16:03:40 [D] [server.go:2568] |      127.0.0.1|[42m 200 [0m|   2.181583ms|   match|[44m GET     [0m /static/css/my.css
2017/07/05 16:03:40 [D] [server.go:2568] |      127.0.0.1|[42m 200 [0m|    404.856µs|   match|[44m GET     [0m /static/img/logo56x56.png
2017/07/05 16:04:08 [D] [server.go:2568] |      127.0.0.1|[42m 200 [0m| 2.894972705s|   match|[44m GET     [0m /     r:/
2017/07/05 16:04:08 [D] [server.go:2568] |      127.0.0.1|[42m 200 [0m|   1.195576ms|   match|[44m GET     [0m /static/css/my.css
2017/07/05 16:04:08 [D] [server.go:2568] |      127.0.0.1|[42m 200 [0m|    111.674µs|   match|[44m GET     [0m /static/img/logo56x56.png
2017/07/05 16:15:28 [D] [server.go:2568] |      127.0.0.1|[42m 200 [0m| 3.178897784s|   match|[44m GET     [0m /     r:/
2017/07/05 16:15:28 [D] [server.go:2568] |      127.0.0.1|[47m 304 [0m|   1.283904ms|   match|[44m GET     [0m /static/css/my.css
2017/07/05 16:15:52 [D] [server.go:2568] |      127.0.0.1|[42m 200 [0m| 987.562009ms|   match|[44m GET     [0m /article/2330   r:/article/:id([0-9]+)
2017/07/05 16:22:05 [D] [server.go:2568] |      127.0.0.1|[42m 200 [0m| 11.45565523s|   match|[44m GET     [0m /tag/3   r:/tag/:id([0-9]+)
2017/07/05 16:22:05 [D] [server.go:2568] |      127.0.0.1|[47m 304 [0m|   1.265701ms|   match|[44m GET     [0m /static/css/my.css
2017/07/05 16:22:09 [D] [server.go:2568] |      127.0.0.1|[42m 200 [0m| 962.989517ms|   match|[44m GET     [0m /article/2010   r:/article/:id([0-9]+)
2017/07/05 16:22:22 [D] [server.go:2568] |      127.0.0.1|[42m 200 [0m| 831.239799ms|   match|[44m GET     [0m /article/1912   r:/article/:id([0-9]+)
2017/07/05 16:22:28 [D] [server.go:2568] |      127.0.0.1|[42m 200 [0m| 811.425375ms|   match|[44m GET     [0m /article/1908   r:/article/:id([0-9]+)
2017/07/05 16:22:28 [D] [server.go:2568] |      127.0.0.1|[42m 200 [0m| 898.453649ms|   match|[44m GET     [0m /article/1908   r:/article/:id([0-9]+)
2017/07/05 16:22:36 [D] [server.go:2568] |      127.0.0.1|[42m 200 [0m| 829.229891ms|   match|[44m GET     [0m /article/1873   r:/article/:id([0-9]+)
2017/07/05 16:23:31 [D] [server.go:2568] |      127.0.0.1|[42m 200 [0m|11.094304456s|   match|[44m GET     [0m /tag/3   r:/tag/:id([0-9]+)
2017/07/05 16:30:01 [D] [server.go:2568] |      127.0.0.1|[42m 200 [0m|  11.5014374s|   match|[44m GET     [0m /tag/3   r:/tag/:id([0-9]+)
2017/07/05 16:30:01 [D] [server.go:2568] |      127.0.0.1|[47m 304 [0m|   2.922396ms|   match|[44m GET     [0m /static/css/my.css
2017/07/05 16:37:35 [I] [asm_amd64.s:2197] http server Running on http://:9999
2017/07/05 16:38:02 [D] [server.go:2568] |      127.0.0.1|[42m 200 [0m|12.981892345s|   match|[44m GET     [0m /tag/3   r:/tag/:id([0-9]+)
2017/07/05 16:38:03 [D] [server.go:2568] |      127.0.0.1|[47m 304 [0m|   1.177479ms|   match|[44m GET     [0m /static/css/my.css
2017/07/05 16:48:43 [I] [asm_amd64.s:2197] http server Running on http://:9999
2017/07/05 16:49:09 [D] [controller.go:254] template Execute err: template: tag/view.html:12:109: executing "tag/view.html" at <.Tag.Name>: can't evaluate field Tag in type models.Article
2017/07/05 16:49:09 [E] [server.go:2568] template: tag/view.html:12:109: executing "tag/view.html" at <.Tag.Name>: can't evaluate field Tag in type models.Article
2017/07/05 16:49:09 [D] [server.go:2568] |      127.0.0.1|[42m 200 [0m|11.956121171s|   match|[44m GET     [0m /tag/3   r:/tag/:id([0-9]+)
2017/07/05 16:49:23 [D] [controller.go:254] template Execute err: template: tag/view.html:12:109: executing "tag/view.html" at <.Tag.Name>: can't evaluate field Tag in type models.Article
2017/07/05 16:49:23 [E] [server.go:2568] template: tag/view.html:12:109: executing "tag/view.html" at <.Tag.Name>: can't evaluate field Tag in type models.Article
2017/07/05 16:49:23 [D] [server.go:2568] |      127.0.0.1|[42m 200 [0m|10.536354546s|   match|[44m GET     [0m /tag/3   r:/tag/:id([0-9]+)
2017/07/05 16:51:11 [I] [asm_amd64.s:2197] http server Running on http://:9999
2017/07/05 16:51:29 [D] [controller.go:254] template Execute err: template: tag/view.html:12:109: executing "tag/view.html" at <.Tag.Name>: can't evaluate field Tag in type models.Article
2017/07/05 16:51:29 [E] [server.go:2568] template: tag/view.html:12:109: executing "tag/view.html" at <.Tag.Name>: can't evaluate field Tag in type models.Article
2017/07/05 16:51:29 [D] [server.go:2568] |      127.0.0.1|[42m 200 [0m|10.975665587s|   match|[44m GET     [0m /tag/3   r:/tag/:id([0-9]+)
2017/07/05 16:52:58 [D] [server.go:2568] |      127.0.0.1|[42m 200 [0m|10.451245317s|   match|[44m GET     [0m /tag/3   r:/tag/:id([0-9]+)
2017/07/05 16:52:58 [D] [server.go:2568] |      127.0.0.1|[47m 304 [0m|  11.653637ms|   match|[44m GET     [0m /static/css/my.css
2017/07/05 16:53:49 [D] [server.go:2568] |      127.0.0.1|[42m 200 [0m|10.511194733s|   match|[44m GET     [0m /tag/3   r:/tag/:id([0-9]+)
2017/07/05 16:55:58 [I] [asm_amd64.s:2197] http server Running on http://:9999
2017/07/05 16:56:17 [D] [server.go:2568] |      127.0.0.1|[42m 200 [0m|12.122158146s|   match|[44m GET     [0m /tag/3   r:/tag/:id([0-9]+)
2017/07/05 16:56:52 [D] [server.go:2568] |      127.0.0.1|[42m 200 [0m|10.810079966s|   match|[44m GET     [0m /tag/3   r:/tag/:id([0-9]+)
2017/07/05 16:57:19 [D] [server.go:2568] |      127.0.0.1|[42m 200 [0m| 9.276419833s|   match|[44m GET     [0m /tag/5   r:/tag/:id([0-9]+)
2017/07/05 16:59:34 [D] [server.go:2568] |      127.0.0.1|[47m 304 [0m|   4.952111ms|   match|[44m GET     [0m /static/css/my.css
2017/07/05 16:59:42 [D] [server.go:2568] |      127.0.0.1|[43m 404 [0m|   3.622668ms| nomatch|[46m POST    [0m /tag/load-more
2017/07/05 17:02:25 [I] [asm_amd64.s:2197] http server Running on http://:9999
2017/07/05 17:03:17 [I] [asm_amd64.s:2197] http server Running on http://:9999
2017/07/05 17:03:27 [D] [server.go:2568] |      127.0.0.1|[42m 200 [0m| 3.232547912s|   match|[44m GET     [0m /tag/5   r:/tag/:id([0-9]+)
2017/07/05 17:03:27 [D] [server.go:2568] |      127.0.0.1|[42m 200 [0m|     926.86µs|   match|[44m GET     [0m /static/css/my.css
2017/07/05 17:03:28 [D] [server.go:2568] |      127.0.0.1|[42m 200 [0m|     417.26µs|   match|[44m GET     [0m /static/img/logo56x56.png
2017/07/05 17:03:45 [D] [server.go:2568] |      127.0.0.1|[43m 404 [0m|    242.888µs| nomatch|[46m POST    [0m /tag/load-more
2017/07/05 17:04:20 [I] [asm_amd64.s:2197] http server Running on http://:9999
2017/07/05 17:04:31 [D] [server.go:2568] |      127.0.0.1|[42m 200 [0m| 2.183987179s|   match|[44m GET     [0m /tag/5   r:/tag/:id([0-9]+)
2017/07/05 17:04:31 [D] [server.go:2568] |      127.0.0.1|[42m 200 [0m|   1.952838ms|   match|[44m GET     [0m /static/css/my.css
2017/07/05 17:04:31 [D] [server.go:2568] |      127.0.0.1|[42m 200 [0m|    421.362µs|   match|[44m GET     [0m /static/img/logo56x56.png
2017/07/05 17:04:44 [D] [server.go:2568] |      127.0.0.1|[42m 200 [0m|  1.68199765s|   match|[44m GET     [0m /tag/5   r:/tag/:id([0-9]+)
2017/07/05 17:04:44 [D] [server.go:2568] |      127.0.0.1|[42m 200 [0m|    990.717µs|   match|[44m GET     [0m /static/css/my.css
2017/07/05 17:04:44 [D] [server.go:2568] |      127.0.0.1|[42m 200 [0m|    118.112µs|   match|[44m GET     [0m /static/img/logo56x56.png
2017/07/05 17:05:27 [D] [server.go:2568] |      127.0.0.1|[42m 200 [0m| 1.980031883s|   match|[46m POST    [0m /tag/load-more   r:/tag/load-more
2017/07/05 17:08:20 [D] [server.go:2568] |      127.0.0.1|[42m 200 [0m| 1.674701668s|   match|[44m GET     [0m /tag/5   r:/tag/:id([0-9]+)
2017/07/05 17:08:20 [D] [server.go:2568] |      127.0.0.1|[42m 200 [0m|    603.951µs|   match|[44m GET     [0m /static/css/my.css
2017/07/05 17:08:20 [D] [server.go:2568] |      127.0.0.1|[42m 200 [0m|     98.784µs|   match|[44m GET     [0m /static/img/logo56x56.png
2017/07/05 17:08:59 [D] [server.go:2568] |      127.0.0.1|[42m 200 [0m| 1.613373841s|   match|[44m GET     [0m /tag/5   r:/tag/:id([0-9]+)
2017/07/05 17:08:59 [D] [server.go:2568] |      127.0.0.1|[42m 200 [0m|   3.344994ms|   match|[44m GET     [0m /static/css/my.css
2017/07/05 17:08:59 [D] [server.go:2568] |      127.0.0.1|[42m 200 [0m|    110.554µs|   match|[44m GET     [0m /static/img/logo56x56.png
2017/07/05 17:09:27 [D] [server.go:2568] |      127.0.0.1|[42m 200 [0m| 860.795418ms|   match|[46m POST    [0m /tag/load-more   r:/tag/load-more
2017/07/05 17:10:19 [I] [asm_amd64.s:2197] http server Running on http://:9999
2017/07/05 17:10:31 [D] [server.go:2568] |      127.0.0.1|[42m 200 [0m|  2.23817088s|   match|[44m GET     [0m /tag/5   r:/tag/:id([0-9]+)
2017/07/05 17:10:31 [D] [server.go:2568] |      127.0.0.1|[47m 304 [0m|   1.445307ms|   match|[44m GET     [0m /static/css/my.css
2017/07/05 17:10:35 [D] [server.go:2568] |      127.0.0.1|[42m 200 [0m| 1.235480046s|   match|[46m POST    [0m /tag/load-more   r:/tag/load-more
2017/07/05 17:10:41 [D] [server.go:2568] |      127.0.0.1|[42m 200 [0m| 2.090266311s|   match|[46m POST    [0m /tag/load-more   r:/tag/load-more
2017/07/05 17:10:56 [D] [server.go:2568] |      127.0.0.1|[42m 200 [0m| 1.427366685s|   match|[46m POST    [0m /tag/load-more   r:/tag/load-more
2017/07/05 17:11:47 [D] [server.go:2568] |      127.0.0.1|[42m 200 [0m| 919.578074ms|   match|[44m GET     [0m /article/2330   r:/article/:id([0-9]+)
2017/07/05 17:11:47 [D] [server.go:2568] |      127.0.0.1|[47m 304 [0m|   2.972796ms|   match|[44m GET     [0m /static/css/my.css
2017/07/05 17:15:14 [I] [asm_amd64.s:2197] http server Running on http://:9999
2017/07/05 17:15:37 [D] [server.go:2568] |      127.0.0.1|[42m 200 [0m| 1.498909792s|   match|[44m GET     [0m /article/2330   r:/article/:id([0-9]+)
2017/07/05 17:15:37 [D] [server.go:2568] |      127.0.0.1|[47m 304 [0m|   1.840982ms|   match|[44m GET     [0m /static/css/my.css
2017/07/05 17:16:16 [D] [server.go:2568] |      127.0.0.1|[42m 200 [0m| 906.119089ms|   match|[44m GET     [0m /article/2330   r:/article/:id([0-9]+)
2017/07/05 17:16:45 [D] [server.go:2568] |      127.0.0.1|[42m 200 [0m| 841.955191ms|   match|[44m GET     [0m /article/2330   r:/article/:id([0-9]+)
2017/07/05 17:16:45 [D] [server.go:2568] |      127.0.0.1|[47m 304 [0m|   1.663964ms|   match|[44m GET     [0m /static/css/my.css
2017/07/05 17:17:42 [D] [server.go:2568] |      127.0.0.1|[47m 304 [0m|   1.411286ms|   match|[44m GET     [0m /static/css/my.css
2017/07/05 17:19:12 [D] [server.go:2568] |      127.0.0.1|[42m 200 [0m| 958.547909ms|   match|[44m GET     [0m /article/2330   r:/article/:id([0-9]+)
2017/07/05 17:19:12 [D] [server.go:2568] |      127.0.0.1|[42m 200 [0m|   6.023471ms|   match|[44m GET     [0m /static/css/my.css
2017/07/05 17:19:13 [D] [server.go:2568] |      127.0.0.1|[42m 200 [0m|     636.96µs|   match|[44m GET     [0m /static/img/logo56x56.png
2017/07/05 17:20:33 [D] [server.go:2568] |      127.0.0.1|[47m 304 [0m|   3.051896ms|   match|[44m GET     [0m /static/css/my.css
2017/07/05 17:21:33 [D] [server.go:2568] |      127.0.0.1|[42m 200 [0m| 851.301425ms|   match|[44m GET     [0m /article/2330   r:/article/:id([0-9]+)
2017/07/05 17:21:33 [D] [server.go:2568] |      127.0.0.1|[42m 200 [0m|   3.283824ms|   match|[44m GET     [0m /static/css/my.css
2017/07/05 17:21:33 [D] [server.go:2568] |      127.0.0.1|[42m 200 [0m|    126.983µs|   match|[44m GET     [0m /static/img/logo56x56.png
2017/07/05 17:21:47 [D] [server.go:2568] |      127.0.0.1|[42m 200 [0m| 860.263255ms|   match|[44m GET     [0m /article/2330   r:/article/:id([0-9]+)
2017/07/05 17:24:37 [D] [server.go:2568] |      127.0.0.1|[47m 304 [0m|   8.064881ms|   match|[44m GET     [0m /static/css/my.css
2017/07/05 17:25:23 [D] [server.go:2568] |      127.0.0.1|[42m 200 [0m| 7.029208997s|   match|[44m GET     [0m /tag/1   r:/tag/:id([0-9]+)
2017/07/05 17:25:24 [D] [server.go:2568] |      127.0.0.1|[42m 200 [0m| 7.817167616s|   match|[44m GET     [0m /tag/1   r:/tag/:id([0-9]+)
2017/07/05 17:25:27 [D] [server.go:2568] |      127.0.0.1|[42m 200 [0m|10.079736927s|   match|[44m GET     [0m /tag/1   r:/tag/:id([0-9]+)
2017/07/05 17:25:27 [D] [server.go:2568] |      127.0.0.1|[42m 200 [0m|     952.81µs|   match|[44m GET     [0m /static/css/my.css
2017/07/05 17:25:27 [D] [server.go:2568] |      127.0.0.1|[42m 200 [0m|    150.423µs|   match|[44m GET     [0m /static/img/logo56x56.png
2017/07/05 17:25:27 [D] [server.go:2568] |      127.0.0.1|[42m 200 [0m| 10.52419294s|   match|[44m GET     [0m /tag/1   r:/tag/:id([0-9]+)
2017/07/05 17:27:54 [D] [server.go:2568] |      127.0.0.1|[42m 200 [0m| 2.897175874s|   match|[44m GET     [0m /tag/1   r:/tag/:id([0-9]+)
2017/07/05 17:27:54 [D] [server.go:2568] |      127.0.0.1|[42m 200 [0m|   3.116884ms|   match|[44m GET     [0m /static/css/my.css
2017/07/05 17:27:54 [D] [server.go:2568] |      127.0.0.1|[42m 200 [0m|    112.317µs|   match|[44m GET     [0m /static/img/logo56x56.png
2017/07/05 17:27:59 [D] [server.go:2568] |      127.0.0.1|[42m 200 [0m| 893.813316ms|   match|[44m GET     [0m /article/2329   r:/article/:id([0-9]+)
2017/07/05 17:27:59 [D] [server.go:2568] |      127.0.0.1|[42m 200 [0m|    969.805µs|   match|[44m GET     [0m /static/css/my.css
2017/07/05 17:28:00 [D] [server.go:2568] |      127.0.0.1|[42m 200 [0m|    111.083µs|   match|[44m GET     [0m /static/img/logo56x56.png
2017/07/05 17:29:01 [D] [server.go:2568] |      127.0.0.1|[42m 200 [0m| 901.494213ms|   match|[44m GET     [0m /article/2329   r:/article/:id([0-9]+)
2017/07/05 17:29:01 [D] [server.go:2568] |      127.0.0.1|[42m 200 [0m|    1.68517ms|   match|[44m GET     [0m /static/css/my.css
2017/07/05 17:29:01 [D] [server.go:2568] |      127.0.0.1|[42m 200 [0m|      97.78µs|   match|[44m GET     [0m /static/img/logo56x56.png
2017/07/05 17:29:47 [D] [server.go:2568] |      127.0.0.1|[42m 200 [0m| 882.414723ms|   match|[44m GET     [0m /article/2329   r:/article/:id([0-9]+)
2017/07/05 17:29:47 [D] [server.go:2568] |      127.0.0.1|[42m 200 [0m|   3.934006ms|   match|[44m GET     [0m /static/css/my.css
2017/07/05 17:29:47 [D] [server.go:2568] |      127.0.0.1|[42m 200 [0m|    120.304µs|   match|[44m GET     [0m /static/img/logo56x56.png
2017/07/05 17:31:27 [D] [server.go:2568] |      127.0.0.1|[42m 200 [0m| 897.444891ms|   match|[44m GET     [0m /article/2329   r:/article/:id([0-9]+)
2017/07/05 17:31:27 [D] [server.go:2568] |      127.0.0.1|[42m 200 [0m|   1.248612ms|   match|[44m GET     [0m /static/css/my.css
2017/07/05 17:31:27 [D] [server.go:2568] |      127.0.0.1|[42m 200 [0m|    116.213µs|   match|[44m GET     [0m /static/img/logo56x56.png
2017/07/05 17:37:31 [D] [server.go:2568] |      127.0.0.1|[42m 200 [0m| 938.453741ms|   match|[44m GET     [0m /article/2329   r:/article/:id([0-9]+)
2017/07/05 17:37:31 [D] [server.go:2568] |      127.0.0.1|[42m 200 [0m|   1.450534ms|   match|[44m GET     [0m /static/css/my.css
2017/07/05 17:37:31 [D] [server.go:2568] |      127.0.0.1|[42m 200 [0m|     513.52µs|   match|[44m GET     [0m /static/img/logo56x56.png
2017/07/05 17:38:03 [D] [server.go:2568] |      127.0.0.1|[42m 200 [0m| 884.905073ms|   match|[44m GET     [0m /article/2329   r:/article/:id([0-9]+)
2017/07/05 17:38:03 [D] [server.go:2568] |      127.0.0.1|[42m 200 [0m|   5.789251ms|   match|[44m GET     [0m /static/css/my.css
2017/07/05 17:38:03 [D] [server.go:2568] |      127.0.0.1|[42m 200 [0m|    276.256µs|   match|[44m GET     [0m /static/img/logo56x56.png
2017/07/05 17:38:46 [D] [server.go:2568] |      127.0.0.1|[42m 200 [0m| 894.225329ms|   match|[44m GET     [0m /article/2329   r:/article/:id([0-9]+)
2017/07/05 17:38:46 [D] [server.go:2568] |      127.0.0.1|[42m 200 [0m|    863.396µs|   match|[44m GET     [0m /static/css/my.css
2017/07/05 17:38:47 [D] [server.go:2568] |      127.0.0.1|[42m 200 [0m|    113.653µs|   match|[44m GET     [0m /static/img/logo56x56.png
2017/07/05 17:39:07 [D] [server.go:2568] |      127.0.0.1|[42m 200 [0m| 996.943288ms|   match|[44m GET     [0m /article/2329   r:/article/:id([0-9]+)
2017/07/05 17:39:07 [D] [server.go:2568] |      127.0.0.1|[42m 200 [0m|    976.003µs|   match|[44m GET     [0m /static/css/my.css
2017/07/05 17:39:07 [D] [server.go:2568] |      127.0.0.1|[42m 200 [0m|    114.293µs|   match|[44m GET     [0m /static/img/logo56x56.png
2017/07/05 17:40:07 [D] [server.go:2568] |      127.0.0.1|[42m 200 [0m|   3.4207357s|   match|[44m GET     [0m /     r:/
2017/07/05 17:40:07 [D] [server.go:2568] |      127.0.0.1|[42m 200 [0m|   1.378622ms|   match|[44m GET     [0m /static/css/my.css
2017/07/05 17:40:07 [D] [server.go:2568] |      127.0.0.1|[42m 200 [0m|    114.525µs|   match|[44m GET     [0m /static/img/logo56x56.png
2017/07/05 17:42:49 [D] [server.go:2568] |      127.0.0.1|[42m 200 [0m| 2.994525426s|   match|[44m GET     [0m /     r:/
2017/07/05 17:42:49 [D] [server.go:2568] |      127.0.0.1|[42m 200 [0m|   2.529603ms|   match|[44m GET     [0m /static/css/my.css
2017/07/05 17:42:49 [D] [server.go:2568] |      127.0.0.1|[42m 200 [0m|    109.933µs|   match|[44m GET     [0m /static/img/logo56x56.png
2017/07/05 17:44:11 [D] [server.go:2568] |      127.0.0.1|[42m 200 [0m| 2.768002672s|   match|[44m GET     [0m /     r:/
2017/07/05 17:44:11 [D] [server.go:2568] |      127.0.0.1|[42m 200 [0m|   1.044152ms|   match|[44m GET     [0m /static/css/my.css
2017/07/05 17:44:11 [D] [server.go:2568] |      127.0.0.1|[42m 200 [0m|    110.693µs|   match|[44m GET     [0m /static/img/logo56x56.png
2017/07/05 17:45:47 [D] [server.go:2568] |      127.0.0.1|[42m 200 [0m| 2.901511091s|   match|[44m GET     [0m /     r:/
2017/07/05 17:45:47 [D] [server.go:2568] |      127.0.0.1|[42m 200 [0m|    622.061µs|   match|[44m GET     [0m /static/css/my.css
2017/07/05 17:45:47 [D] [server.go:2568] |      127.0.0.1|[42m 200 [0m|    113.197µs|   match|[44m GET     [0m /static/img/logo56x56.png
2017/07/05 17:46:23 [D] [server.go:2568] |      127.0.0.1|[47m 304 [0m|    714.924µs|   match|[44m GET     [0m /static/css/my.css
2017/07/05 17:47:33 [D] [server.go:2568] |      127.0.0.1|[42m 200 [0m| 3.006790902s|   match|[44m GET     [0m /     r:/
2017/07/05 17:47:33 [D] [server.go:2568] |      127.0.0.1|[47m 304 [0m|   2.097687ms|   match|[44m GET     [0m /static/css/my.css
2017/07/05 17:49:03 [D] [server.go:2568] |      127.0.0.1|[42m 200 [0m| 2.774458939s|   match|[44m GET     [0m /     r:/
2017/07/05 17:49:03 [D] [server.go:2568] |      127.0.0.1|[42m 200 [0m|   1.452536ms|   match|[44m GET     [0m /static/css/my.css
2017/07/05 17:52:17 [D] [server.go:2568] |      127.0.0.1|[42m 200 [0m| 2.770992718s|   match|[44m GET     [0m /     r:/
2017/07/05 17:52:17 [D] [server.go:2568] |      127.0.0.1|[47m 304 [0m|     828.35µs|   match|[44m GET     [0m /static/css/my.css
2017/07/05 17:54:16 [D] [server.go:2568] |      127.0.0.1|[47m 304 [0m|   1.476755ms|   match|[44m GET     [0m /static/css/my.css
2017/07/05 17:54:54 [D] [server.go:2568] |      127.0.0.1|[42m 200 [0m| 490.930723ms|   match|[46m POST    [0m /auth/login   r:/auth/login
2017/07/05 17:54:57 [D] [server.go:2568] |      127.0.0.1|[42m 200 [0m| 2.822259038s|   match|[44m GET     [0m /     r:/
2017/07/05 17:54:57 [D] [server.go:2568] |      127.0.0.1|[47m 304 [0m|    1.41505ms|   match|[44m GET     [0m /static/css/my.css
2017/07/05 17:54:57 [D] [server.go:2568] |      127.0.0.1|[47m 304 [0m|     59.437µs|   match|[44m GET     [0m /static/img/logo56x56.png
2017/07/05 17:55:01 [D] [server.go:2568] |      127.0.0.1|[42m 200 [0m| 928.887865ms|   match|[44m GET     [0m /article/2328   r:/article/:id([0-9]+)
2017/07/05 17:59:59 [D] [server.go:2568] |      127.0.0.1|[42m 200 [0m| 931.359298ms|   match|[44m GET     [0m /article/2328   r:/article/:id([0-9]+)
2017/07/05 17:59:59 [D] [server.go:2568] |      127.0.0.1|[47m 304 [0m|   3.410192ms|   match|[44m GET     [0m /static/css/my.css
